PDFダウンロード中...
Traceback (most recent call last):
  File "/Users/takahashi_yuya/workspace/private/smbc-monitor-local.py", line 173, in <module>
    main()
  File "/Users/takahashi_yuya/workspace/private/smbc-monitor-local.py", line 140, in main
    png_path = fetch_chart_png(tmpdir)
  File "/Users/takahashi_yuya/workspace/private/smbc-monitor-local.py", line 31, in fetch_chart_png
    subprocess.run(
  File "/Library/Developer/CommandLineTools/Library/Frameworks/Python3.framework/Versions/3.9/lib/python3.9/subprocess.py", line 505, in run
    with Popen(*popenargs, **kwargs) as process:
  File "/Library/Developer/CommandLineTools/Library/Frameworks/Python3.framework/Versions/3.9/lib/python3.9/subprocess.py", line 951, in __init__
    self._execute_child(args, executable, preexec_fn, close_fds,
  File "/Library/Developer/CommandLineTools/Library/Frameworks/Python3.framework/Versions/3.9/lib/python3.9/subprocess.py", line 1821, in _execute_child
    raise child_exception_type(errno_num, err_msg, err_filename)
FileNotFoundError: [Errno 2] No such file or directory: 'pdftoppm'
PDFダウンロード中...
チャート解析中...
bull=2% bear=0% neutral=98% CI=+2%
LINE送信完了
PDFダウンロード中...
チャート解析中...
bull=2% bear=0% neutral=98% CI=+2%
LINE送信完了
PDFダウンロード中...
チャート解析中...
bull=0% bear=5% neutral=95% CI=-5%
LINE送信完了
PDFダウンロード中...
チャート解析中...
bull=0% bear=0% neutral=100% CI=+0%
LINE送信完了
PDFダウンロード中...
チャート解析中...
bull=4% bear=1% neutral=95% CI=+3%
LINE送信完了
